// Jest Snapshot v1, https://goo.gl/fbAQLP

exports[`jest-auto-snapshots > SimpleModal Matches snapshot when passed only required props 1`] = `
<ForwardRef(styled.div)
  aria-modal="true"
  role="dialog"
>
  <AnimationWrapper
    align="center"
    dismissing={false}
    duration={400}
    easing="cubic-bezier(0.25, 1, 0.5, 1)"
    justify="center"
    onDismiss={[MockFunction]}
    stageInAnimation={
      Keyframes {
        "id": "sc-keyframes-bQtjaF",
        "inject": [Function],
        "name": "bQtjaF",
        "stringifyArgs": Array [
          "
  0% {
    transform: scale(.5);
    opacity: 0;
  }

  100% {
    transform: scale(1);
    opacity: 1;
  }
",
          "bQtjaF",
          "@keyframes",
        ],
        "toString": [Function],
      }
    }
    stageOutAnimation={
      Keyframes {
        "id": "sc-keyframes-hsHpqF",
        "inject": [Function],
        "name": "hsHpqF",
        "stringifyArgs": Array [
          "
  0% {
    transform: scale(1);
    opacity: 1;
  }

  100% {
    transform: scale(.5);
    opacity: 0;
  }
",
          "hsHpqF",
          "@keyframes",
        ],
        "toString": [Function],
      }
    }
  >
    <ForwardRef(styled.div)
      tabIndex="0"
    >
      <ForwardRef(styled.button)
        onClick={[Function]}
      >
        <CrossIcon />
      </ForwardRef(styled.button)>
      <NodeFixture />
    </ForwardRef(styled.div)>
  </AnimationWrapper>
</ForwardRef(styled.div)>
`;
